// Jest Snapshot v1, https://goo.gl/fbAQLP

exports[`My test confirm state 1`] = `ShallowWrapper {}`;
